mpp[38989]: mpp_platform: client 4 driver is not ready!
mpp[38989]: mpp_platform: client 12 driver is not ready!
mpp[38989]: mpp_info: mpp version: unknown mpp version for missing VCS info
mpp[38989]: mpp_info: mpp version: unknown mpp version for missing VCS info
mpp[38989]: mpp_info: mpp version: unknown mpp version for missing VCS info
mpp[38989]: mpp_info: mpp version: unknown mpp version for missing VCS info
DIAG frame=0 submit_all_ms=5.674
tile 0 RGA assembly failed: Unsupported function: src unsupported YUV444 semi-planner 8bit format, format = 0x3200(cbcr444sp)
Input support format  : RGBA/ARGB_8888 RGB_888 RGB_565 ARGB_4444 ARGB_5551 YUV420_sp_8bit YUV420_sp_10bit YUV420_p_8bit YUV420_p_10bit YUV422_sp_8bit YUV422_sp_10bit YUV422_p_8bit YUV422_p_10bit YUYV422 YUV400 

DIAG tile=0 poll_ms=2.784 dequeue_ms=0.002 copy_ms=0.418 output_enqueue_ms=0.003 input_reclaim_ms=0.008 total_ms=3.215
tile 3 RGA assembly failed: Unsupported function: src unsupported YUV444 semi-planner 8bit format, format = 0x3200(cbcr444sp)
Input support format  : RGBA/ARGB_8888 RGB_888 RGB_565 ARGB_4444 ARGB_5551 YUV420_sp_8bit YUV420_sp_10bit YUV420_p_8bit YUV420_p_10bit YUV422_sp_8bit YUV422_sp_10bit YUV422_p_8bit YUV422_p_10bit YUYV422 YUV400 

DIAG tile=3 poll_ms=5.324 dequeue_ms=0.002 copy_ms=0.124 output_enqueue_ms=0.002 input_reclaim_ms=0.008 total_ms=5.461
tile 2 RGA assembly failed: Unsupported function: src unsupported YUV444 semi-planner 8bit format, format = 0x3200(cbcr444sp)
Input support format  : RGBA/ARGB_8888 RGB_888 RGB_565 ARGB_4444 ARGB_5551 YUV420_sp_8bit YUV420_sp_10bit YUV420_p_8bit YUV420_p_10bit YUV422_sp_8bit YUV422_sp_10bit YUV422_p_8bit YUV422_p_10bit YUYV422 YUV400 

DIAG tile=2 poll_ms=8.320 dequeue_ms=0.002 copy_ms=0.045 output_enqueue_ms=0.002 input_reclaim_ms=0.007 total_ms=8.377
tile 1 RGA assembly failed: Unsupported function: src unsupported YUV444 semi-planner 8bit format, format = 0x3200(cbcr444sp)
Input support format  : RGBA/ARGB_8888 RGB_888 RGB_565 ARGB_4444 ARGB_5551 YUV420_sp_8bit YUV420_sp_10bit YUV420_p_8bit YUV420_p_10bit YUV422_sp_8bit YUV422_sp_10bit YUV422_p_8bit YUV422_p_10bit YUYV422 YUV400 

DIAG tile=1 poll_ms=11.264 dequeue_ms=0.002 copy_ms=0.043 output_enqueue_ms=0.002 input_reclaim_ms=0.007 total_ms=11.317
pipeline failed
rga_api version 1.10.6_[3]
policy0=ondemand
policy4=ondemand
policy6=ondemand
