mpp[36976]: mpp_platform: client 4 driver is not ready!
mpp[36976]: mpp_platform: client 12 driver is not ready!
mpp[36976]: mpp_info: mpp version: unknown mpp version for missing VCS info
mpp[36976]: mpp_info: mpp version: unknown mpp version for missing VCS info
mpp[36976]: mpp_info: mpp version: unknown mpp version for missing VCS info
mpp[36976]: mpp_info: mpp version: unknown mpp version for missing VCS info
DIAG frame=0 submit_all_ms=6.889
DIAG tile=0 poll_ms=0.218 dequeue_ms=0.002 copy_ms=5.731 output_enqueue_ms=0.005 input_reclaim_ms=0.011 total_ms=5.967
DIAG tile=1 poll_ms=3.166 dequeue_ms=0.003 copy_ms=5.887 output_enqueue_ms=0.004 input_reclaim_ms=0.012 total_ms=9.072
DIAG tile=2 poll_ms=6.085 dequeue_ms=0.003 copy_ms=5.839 output_enqueue_ms=0.005 input_reclaim_ms=0.013 total_ms=11.945
DIAG tile=3 poll_ms=9.253 dequeue_ms=0.003 copy_ms=6.177 output_enqueue_ms=0.005 input_reclaim_ms=0.013 total_ms=15.450
DIAG frame=1 submit_all_ms=1.411
DIAG tile=2 poll_ms=4.156 dequeue_ms=0.005 copy_ms=5.636 output_enqueue_ms=0.018 input_reclaim_ms=0.123 total_ms=9.938
DIAG tile=1 poll_ms=8.586 dequeue_ms=0.012 copy_ms=7.166 output_enqueue_ms=0.018 input_reclaim_ms=0.069 total_ms=15.851
DIAG tile=0 poll_ms=12.361 dequeue_ms=0.013 copy_ms=6.086 output_enqueue_ms=0.019 input_reclaim_ms=0.084 total_ms=18.562
DIAG tile=3 poll_ms=16.450 dequeue_ms=0.005 copy_ms=5.076 output_enqueue_ms=0.017 input_reclaim_ms=0.038 total_ms=21.585
DIAG frame=2 submit_all_ms=2.668
DIAG tile=0 poll_ms=3.359 dequeue_ms=0.004 copy_ms=6.341 output_enqueue_ms=0.017 input_reclaim_ms=0.077 total_ms=9.798
DIAG tile=1 poll_ms=7.169 dequeue_ms=0.006 copy_ms=7.228 output_enqueue_ms=0.023 input_reclaim_ms=0.069 total_ms=14.495
DIAG tile=2 poll_ms=11.502 dequeue_ms=0.007 copy_ms=5.321 output_enqueue_ms=0.011 input_reclaim_ms=0.043 total_ms=16.884
DIAG tile=3 poll_ms=15.545 dequeue_ms=0.006 copy_ms=4.638 output_enqueue_ms=0.010 input_reclaim_ms=0.030 total_ms=20.230
DIAG frame=3 submit_all_ms=1.380
DIAG tile=3 poll_ms=3.577 dequeue_ms=0.002 copy_ms=5.718 output_enqueue_ms=0.022 input_reclaim_ms=0.025 total_ms=9.344
DIAG tile=0 poll_ms=6.825 dequeue_ms=0.010 copy_ms=5.931 output_enqueue_ms=0.013 input_reclaim_ms=0.027 total_ms=12.805
DIAG tile=1 poll_ms=10.207 dequeue_ms=0.005 copy_ms=5.239 output_enqueue_ms=0.009 input_reclaim_ms=0.017 total_ms=15.476
DIAG tile=2 poll_ms=13.590 dequeue_ms=0.005 copy_ms=4.082 output_enqueue_ms=0.008 input_reclaim_ms=0.015 total_ms=17.700
RESULT mode=paced frames=3 warmups=1 target_fps=60.000 quality=50 queue_capacity=2 jpeg_bytes=768311 payload_mbps_60=368.789 output_fps=43.689 encode_p50_ms=17.416 encode_p95_ms=18.059 encode_p99_ms=18.059 encode_max_ms=18.059 decode_assemble_p50_ms=23.233 decode_assemble_p95_ms=23.368 decode_assemble_p99_ms=23.368 decode_assemble_max_ms=23.368 queue_p50_ms=5.503 queue_p95_ms=6.867 queue_p99_ms=6.867 queue_max_ms=6.867 latency_p50_ms=44.196 latency_p95_ms=46.287 latency_p99_ms=46.287 latency_max_ms=46.287 schedule_late_p99_ms=6.309 schedule_late_max_ms=6.309 max_inflight=2 blocked_frames=1 producer_wait_ms=5.465 drops=0 decode_errors=0 checksum_first=29a111b6ccb56ac5 checksum_last=29a111b6ccb56ac5 checksum_mismatch=0 format=NV24_444 csv=smoke-parallel.csv
policy0=ondemand
policy4=ondemand
policy6=ondemand
