mpp[34883]: mpp_platform: client 4 driver is not ready!
mpp[34883]: mpp_platform: client 12 driver is not ready!
mpp[34883]: mpp_info: mpp version: unknown mpp version for missing VCS info
mpp[34883]: mpp_info: mpp version: unknown mpp version for missing VCS info
mpp[34883]: mpp_info: mpp version: unknown mpp version for missing VCS info
mpp[34883]: mpp_info: mpp version: unknown mpp version for missing VCS info
DIAG frame=0 submit_all_ms=2.253
DIAG tile=0 poll_ms=2.682 dequeue_ms=0.002 copy_ms=36.929 output_enqueue_ms=0.004 input_reclaim_ms=0.012 total_ms=39.629
DIAG tile=1 poll_ms=0.002 dequeue_ms=0.002 copy_ms=35.977 output_enqueue_ms=0.004 input_reclaim_ms=0.013 total_ms=35.998
DIAG tile=2 poll_ms=0.002 dequeue_ms=0.001 copy_ms=36.156 output_enqueue_ms=0.005 input_reclaim_ms=0.013 total_ms=36.178
DIAG tile=3 poll_ms=0.002 dequeue_ms=0.001 copy_ms=35.988 output_enqueue_ms=0.004 input_reclaim_ms=0.011 total_ms=36.007
DIAG frame=1 submit_all_ms=0.428
DIAG tile=0 poll_ms=6.985 dequeue_ms=0.004 copy_ms=78.749 output_enqueue_ms=0.016 input_reclaim_ms=0.033 total_ms=85.786
DIAG tile=1 poll_ms=0.004 dequeue_ms=0.003 copy_ms=77.401 output_enqueue_ms=0.015 input_reclaim_ms=0.030 total_ms=77.453
DIAG tile=2 poll_ms=0.003 dequeue_ms=0.003 copy_ms=76.424 output_enqueue_ms=0.015 input_reclaim_ms=0.028 total_ms=76.473
DIAG tile=3 poll_ms=0.003 dequeue_ms=0.003 copy_ms=77.262 output_enqueue_ms=0.014 input_reclaim_ms=0.029 total_ms=77.311
DIAG frame=2 submit_all_ms=0.477
DIAG tile=0 poll_ms=6.426 dequeue_ms=0.002 copy_ms=77.295 output_enqueue_ms=0.007 input_reclaim_ms=0.016 total_ms=83.747
DIAG tile=1 poll_ms=0.003 dequeue_ms=0.001 copy_ms=77.330 output_enqueue_ms=0.005 input_reclaim_ms=0.013 total_ms=77.352
DIAG tile=2 poll_ms=0.003 dequeue_ms=0.002 copy_ms=76.418 output_enqueue_ms=0.007 input_reclaim_ms=0.019 total_ms=76.449
DIAG tile=3 poll_ms=0.003 dequeue_ms=0.002 copy_ms=77.458 output_enqueue_ms=0.006 input_reclaim_ms=0.015 total_ms=77.484
RESULT mode=paced frames=2 warmups=1 target_fps=60.000 quality=50 queue_capacity=2 jpeg_bytes=768311 payload_mbps_60=368.789 output_fps=3.152 encode_p50_ms=15.766 encode_p95_ms=15.882 encode_p99_ms=15.882 encode_max_ms=15.882 decode_assemble_p50_ms=315.745 decode_assemble_p95_ms=317.814 decode_assemble_p99_ms=317.814 decode_assemble_max_ms=317.814 queue_p50_ms=0.119 queue_p95_ms=302.655 queue_p99_ms=302.655 queue_max_ms=302.655 latency_p50_ms=333.699 latency_p95_ms=634.282 latency_p99_ms=634.282 latency_max_ms=634.282 schedule_late_p99_ms=0.056 schedule_late_max_ms=0.056 max_inflight=2 blocked_frames=0 producer_wait_ms=0.001 drops=0 decode_errors=0 checksum_first=29a111b6ccb56ac5 checksum_last=29a111b6ccb56ac5 checksum_mismatch=0 format=NV24_444 csv=smoke-diag.csv
policy0=ondemand
policy4=ondemand
policy6=ondemand
